[DEBUG] API Client initialized for http://127.0.0.1:8000
启动 LookV2Controller 算法
[DEBUG] Updated traffic info - max_tick: 0
模拟器接收到的最大tick时间为0，可能所有的测试案例已用完，请求重置...
[DEBUG] Cache cleared after traffic round switch
[DEBUG] Updated traffic info - max_tick: 800
[LOOK V2] 算法初始化（实时决策版本）
  管理 3 部电梯，服务 20 层楼
  电梯 E0 初始化，扫描方向: UP
  电梯 E1 初始化，扫描方向: UP
  电梯 E2 初始化，扫描方向: UP
[STOP] E0 停靠在 F0 | 载客:0 | 方向:up
  -> E0 无目标，保持空闲
[STOP] E1 停靠在 F0 | 载客:0 | 方向:up
  -> E1 无目标，保持空闲
[STOP] E2 停靠在 F0 | 载客:0 | 方向:up
  -> E2 无目标，保持空闲
[STOP] E0 停靠在 F0 | 载客:0 | 方向:up
  -> E0 无目标，保持空闲
[STOP] E1 停靠在 F0 | 载客:0 | 方向:up
  -> E1 无目标，保持空闲
[STOP] E2 停靠在 F0 | 载客:0 | 方向:up
  -> E2 无目标，保持空闲
[STOP] E0 停靠在 F0 | 载客:0 | 方向:up
  -> E0 无目标，保持空闲
[STOP] E1 停靠在 F0 | 载客:0 | 方向:up
  -> E1 无目标，保持空闲
[STOP] E2 停靠在 F0 | 载客:0 | 方向:up
  -> E2 无目标，保持空闲
[STOP] E0 停靠在 F0 | 载客:0 | 方向:up
  -> E0 无目标，保持空闲
[STOP] E1 停靠在 F0 | 载客:0 | 方向:up
  -> E1 无目标，保持空闲
[STOP] E2 停靠在 F0 | 载客:0 | 方向:up
  -> E2 无目标，保持空闲
[STOP] E0 停靠在 F0 | 载客:0 | 方向:up
  -> E0 无目标，保持空闲
[STOP] E1 停靠在 F0 | 载客:0 | 方向:up
  -> E1 无目标，保持空闲
[STOP] E2 停靠在 F0 | 载客:0 | 方向:up
  -> E2 无目标，保持空闲
[STOP] E0 停靠在 F0 | 载客:0 | 方向:up
  -> E0 无目标，保持空闲
[STOP] E1 停靠在 F0 | 载客:0 | 方向:up
  -> E1 无目标，保持空闲
[STOP] E2 停靠在 F0 | 载客:0 | 方向:up
  -> E2 无目标，保持空闲
[STOP] E0 停靠在 F0 | 载客:0 | 方向:up
  -> E0 无目标，保持空闲
[STOP] E1 停靠在 F0 | 载客:0 | 方向:up
  -> E1 无目标，保持空闲
[STOP] E2 停靠在 F0 | 载客:0 | 方向:up
  -> E2 无目标，保持空闲
[STOP] E0 停靠在 F0 | 载客:0 | 方向:up
  -> E0 无目标，保持空闲
[STOP] E1 停靠在 F0 | 载客:0 | 方向:up
  -> E1 无目标，保持空闲
[STOP] E2 停靠在 F0 | 载客:0 | 方向:up
  -> E2 无目标，保持空闲
[STOP] E0 停靠在 F0 | 载客:0 | 方向:up
  -> E0 无目标，保持空闲
[STOP] E1 停靠在 F0 | 载客:0 | 方向:up
  -> E1 无目标，保持空闲
[STOP] E2 停靠在 F0 | 载客:0 | 方向:up
  -> E2 无目标，保持空闲
[STOP] E0 停靠在 F0 | 载客:0 | 方向:up
  -> E0 无目标，保持空闲
[STOP] E1 停靠在 F0 | 载客:0 | 方向:up
  -> E1 无目标，保持空闲
[STOP] E2 停靠在 F0 | 载客:0 | 方向:up
  -> E2 无目标，保持空闲
[STOP] E0 停靠在 F0 | 载客:0 | 方向:up
  -> E0 无目标，保持空闲
[STOP] E1 停靠在 F0 | 载客:0 | 方向:up
  -> E1 无目标，保持空闲
[STOP] E2 停靠在 F0 | 载客:0 | 方向:up
  -> E2 无目标，保持空闲
[STOP] E0 停靠在 F0 | 载客:0 | 方向:up
  -> E0 无目标，保持空闲
[STOP] E1 停靠在 F0 | 载客:0 | 方向:up
  -> E1 无目标，保持空闲
[STOP] E2 停靠在 F0 | 载客:0 | 方向:up
  -> E2 无目标，保持空闲
[STOP] E0 停靠在 F0 | 载客:0 | 方向:up
  -> E0 无目标，保持空闲
[STOP] E1 停靠在 F0 | 载客:0 | 方向:up
  -> E1 无目标，保持空闲
[STOP] E2 停靠在 F0 | 载客:0 | 方向:up
  -> E2 无目标，保持空闲
[STOP] E0 停靠在 F0 | 载客:0 | 方向:up
  -> E0 无目标，保持空闲
[STOP] E1 停靠在 F0 | 载客:0 | 方向:up
  -> E1 无目标，保持空闲
[STOP] E2 停靠在 F0 | 载客:0 | 方向:up
  -> E2 无目标，保持空闲
[STOP] E0 停靠在 F0 | 载客:0 | 方向:up
  -> E0 无目标，保持空闲
[STOP] E1 停靠在 F0 | 载客:0 | 方向:up
  -> E1 无目标，保持空闲
[STOP] E2 停靠在 F0 | 载客:0 | 方向:up
  -> E2 无目标，保持空闲
[STOP] E0 停靠在 F0 | 载客:0 | 方向:up
  -> E0 无目标，保持空闲
[STOP] E1 停靠在 F0 | 载客:0 | 方向:up
  -> E1 无目标，保持空闲
[STOP] E2 停靠在 F0 | 载客:0 | 方向:up
  -> E2 无目标，保持空闲
[STOP] E0 停靠在 F0 | 载客:0 | 方向:up
  -> E0 无目标，保持空闲
[STOP] E1 停靠在 F0 | 载客:0 | 方向:up
  -> E1 无目标，保持空闲
[STOP] E2 停靠在 F0 | 载客:0 | 方向:up
  -> E2 无目标，保持空闲
[STOP] E0 停靠在 F0 | 载客:0 | 方向:up
  -> E0 无目标，保持空闲
[STOP] E1 停靠在 F0 | 载客:0 | 方向:up
  -> E1 无目标，保持空闲
[STOP] E2 停靠在 F0 | 载客:0 | 方向:up
  -> E2 无目标，保持空闲
[STOP] E0 停靠在 F0 | 载客:0 | 方向:up
  -> E0 无目标，保持空闲
[STOP] E1 停靠在 F0 | 载客:0 | 方向:up
  -> E1 无目标，保持空闲
[STOP] E2 停靠在 F0 | 载客:0 | 方向:up
  -> E2 无目标，保持空闲
[STOP] E0 停靠在 F0 | 载客:0 | 方向:up
  -> E0 无目标，保持空闲
[STOP] E1 停靠在 F0 | 载客:0 | 方向:up
  -> E1 无目标，保持空闲
[STOP] E2 停靠在 F0 | 载客:0 | 方向:up
  -> E2 无目标，保持空闲
[STOP] E0 停靠在 F0 | 载客:0 | 方向:up
  -> E0 无目标，保持空闲
[STOP] E1 停靠在 F0 | 载客:0 | 方向:up
  -> E1 无目标，保持空闲
[STOP] E2 停靠在 F0 | 载客:0 | 方向:up
  -> E2 无目标，保持空闲
[STOP] E0 停靠在 F0 | 载客:0 | 方向:up
  -> E0 无目标，保持空闲
[STOP] E1 停靠在 F0 | 载客:0 | 方向:up
  -> E1 无目标，保持空闲
[STOP] E2 停靠在 F0 | 载客:0 | 方向:up
  -> E2 无目标，保持空闲
[STOP] E0 停靠在 F0 | 载客:0 | 方向:up
  -> E0 无目标，保持空闲
[STOP] E1 停靠在 F0 | 载客:0 | 方向:up
  -> E1 无目标，保持空闲
[STOP] E2 停靠在 F0 | 载客:0 | 方向:up
  -> E2 无目标，保持空闲
[STOP] E0 停靠在 F0 | 载客:0 | 方向:up
  -> E0 无目标，保持空闲
[STOP] E1 停靠在 F0 | 载客:0 | 方向:up
  -> E1 无目标，保持空闲
[STOP] E2 停靠在 F0 | 载客:0 | 方向:up
  -> E2 无目标，保持空闲
[STOP] E0 停靠在 F0 | 载客:0 | 方向:up
  -> E0 无目标，保持空闲
[STOP] E1 停靠在 F0 | 载客:0 | 方向:up
  -> E1 无目标，保持空闲
[STOP] E2 停靠在 F0 | 载客:0 | 方向:up
  -> E2 无目标，保持空闲
[STOP] E0 停靠在 F0 | 载客:0 | 方向:up
  -> E0 无目标，保持空闲
[STOP] E1 停靠在 F0 | 载客:0 | 方向:up
  -> E1 无目标，保持空闲
[STOP] E2 停靠在 F0 | 载客:0 | 方向:up
  -> E2 无目标，保持空闲
[STOP] E0 停靠在 F0 | 载客:0 | 方向:up
  -> E0 无目标，保持空闲
[STOP] E1 停靠在 F0 | 载客:0 | 方向:up
  -> E1 无目标，保持空闲
[STOP] E2 停靠在 F0 | 载客:0 | 方向:up
  -> E2 无目标，保持空闲
[STOP] E0 停靠在 F0 | 载客:0 | 方向:up
  -> E0 无目标，保持空闲
[STOP] E1 停靠在 F0 | 载客:0 | 方向:up
  -> E1 无目标，保持空闲
[STOP] E2 停靠在 F0 | 载客:0 | 方向:up
  -> E2 无目标，保持空闲
[STOP] E0 停靠在 F0 | 载客:0 | 方向:up
  -> E0 无目标，保持空闲
[STOP] E1 停靠在 F0 | 载客:0 | 方向:up
  -> E1 无目标，保持空闲
[STOP] E2 停靠在 F0 | 载客:0 | 方向:up
  -> E2 无目标，保持空闲
[STOP] E0 停靠在 F0 | 载客:0 | 方向:up
  -> E0 无目标，保持空闲
[STOP] E1 停靠在 F0 | 载客:0 | 方向:up
  -> E1 无目标，保持空闲
[STOP] E2 停靠在 F0 | 载客:0 | 方向:up
  -> E2 无目标，保持空闲
[STOP] E0 停靠在 F0 | 载客:0 | 方向:up
  -> E0 无目标，保持空闲
[STOP] E1 停靠在 F0 | 载客:0 | 方向:up
  -> E1 无目标，保持空闲
[STOP] E2 停靠在 F0 | 载客:0 | 方向:up
  -> E2 无目标，保持空闲
[STOP] E0 停靠在 F0 | 载客:0 | 方向:up
  -> E0 无目标，保持空闲
[STOP] E1 停靠在 F0 | 载客:0 | 方向:up
  -> E1 无目标，保持空闲
[STOP] E2 停靠在 F0 | 载客:0 | 方向:up
  -> E2 无目标，保持空闲
[STOP] E0 停靠在 F0 | 载客:0 | 方向:up
  -> E0 无目标，保持空闲
[STOP] E1 停靠在 F0 | 载客:0 | 方向:up
  -> E1 无目标，保持空闲
[STOP] E2 停靠在 F0 | 载客:0 | 方向:up
  -> E2 无目标，保持空闲
[STOP] E0 停靠在 F0 | 载客:0 | 方向:up
  -> E0 无目标，保持空闲
[STOP] E1 停靠在 F0 | 载客:0 | 方向:up
  -> E1 无目标，保持空闲
[STOP] E2 停靠在 F0 | 载客:0 | 方向:up
  -> E2 无目标，保持空闲
[STOP] E0 停靠在 F0 | 载客:0 | 方向:up
  -> E0 无目标，保持空闲
[STOP] E1 停靠在 F0 | 载客:0 | 方向:up
  -> E1 无目标，保持空闲
[STOP] E2 停靠在 F0 | 载客:0 | 方向:up
  -> E2 无目标，保持空闲
[STOP] E0 停靠在 F0 | 载客:0 | 方向:up
  -> E0 无目标，保持空闲
[STOP] E1 停靠在 F0 | 载客:0 | 方向:up
  -> E1 无目标，保持空闲
[STOP] E2 停靠在 F0 | 载客:0 | 方向:up
  -> E2 无目标，保持空闲
[STOP] E0 停靠在 F0 | 载客:0 | 方向:up
  -> E0 无目标，保持空闲
[STOP] E1 停靠在 F0 | 载客:0 | 方向:up
  -> E1 无目标，保持空闲
[STOP] E2 停靠在 F0 | 载客:0 | 方向:up
  -> E2 无目标，保持空闲
[STOP] E0 停靠在 F0 | 载客:0 | 方向:up
  -> E0 无目标，保持空闲
[STOP] E1 停靠在 F0 | 载客:0 | 方向:up
  -> E1 无目标，保持空闲
[STOP] E2 停靠在 F0 | 载客:0 | 方向:up
  -> E2 无目标，保持空闲
[STOP] E0 停靠在 F0 | 载客:0 | 方向:up
  -> E0 无目标，保持空闲
[STOP] E1 停靠在 F0 | 载客:0 | 方向:up
  -> E1 无目标，保持空闲
[STOP] E2 停靠在 F0 | 载客:0 | 方向:up
  -> E2 无目标，保持空闲
[STOP] E0 停靠在 F0 | 载客:0 | 方向:up
  -> E0 无目标，保持空闲
[STOP] E1 停靠在 F0 | 载客:0 | 方向:up
  -> E1 无目标，保持空闲
[STOP] E2 停靠在 F0 | 载客:0 | 方向:up
  -> E2 无目标，保持空闲
[STOP] E0 停靠在 F0 | 载客:0 | 方向:up
  -> E0 无目标，保持空闲
[STOP] E1 停靠在 F0 | 载客:0 | 方向:up
  -> E1 无目标，保持空闲
[STOP] E2 停靠在 F0 | 载客:0 | 方向:up
  -> E2 无目标，保持空闲
[STOP] E0 停靠在 F0 | 载客:0 | 方向:up
  -> E0 无目标，保持空闲
[STOP] E1 停靠在 F0 | 载客:0 | 方向:up
  -> E1 无目标，保持空闲
[STOP] E2 停靠在 F0 | 载客:0 | 方向:up
  -> E2 无目标，保持空闲
[STOP] E0 停靠在 F0 | 载客:0 | 方向:up
  -> E0 无目标，保持空闲
[STOP] E1 停靠在 F0 | 载客:0 | 方向:up
  -> E1 无目标，保持空闲
[STOP] E2 停靠在 F0 | 载客:0 | 方向:up
  -> E2 无目标，保持空闲
[STOP] E0 停靠在 F0 | 载客:0 | 方向:up
  -> E0 无目标，保持空闲
[STOP] E1 停靠在 F0 | 载客:0 | 方向:up
  -> E1 无目标，保持空闲
[STOP] E2 停靠在 F0 | 载客:0 | 方向:up
  -> E2 无目标，保持空闲
[STOP] E0 停靠在 F0 | 载客:0 | 方向:up
  -> E0 无目标，保持空闲
[STOP] E1 停靠在 F0 | 载客:0 | 方向:up
  -> E1 无目标，保持空闲
[STOP] E2 停靠在 F0 | 载客:0 | 方向:up
  -> E2 无目标，保持空闲
[STOP] E0 停靠在 F0 | 载客:0 | 方向:up
  -> E0 无目标，保持空闲
[STOP] E1 停靠在 F0 | 载客:0 | 方向:up
  -> E1 无目标，保持空闲
[STOP] E2 停靠在 F0 | 载客:0 | 方向:up
  -> E2 无目标，保持空闲
[STOP] E0 停靠在 F0 | 载客:0 | 方向:up
  -> E0 无目标，保持空闲
[STOP] E1 停靠在 F0 | 载客:0 | 方向:up
  -> E1 无目标，保持空闲
[STOP] E2 停靠在 F0 | 载客:0 | 方向:up
  -> E2 无目标，保持空闲
[STOP] E0 停靠在 F0 | 载客:0 | 方向:up
  -> E0 无目标，保持空闲
[STOP] E1 停靠在 F0 | 载客:0 | 方向:up
  -> E1 无目标，保持空闲
[STOP] E2 停靠在 F0 | 载客:0 | 方向:up
  -> E2 无目标，保持空闲
[STOP] E0 停靠在 F0 | 载客:0 | 方向:up
  -> E0 无目标，保持空闲
[STOP] E1 停靠在 F0 | 载客:0 | 方向:up
  -> E1 无目标，保持空闲
[STOP] E2 停靠在 F0 | 载客:0 | 方向:up
  -> E2 无目标，保持空闲
[STOP] E0 停靠在 F0 | 载客:0 | 方向:up
  -> E0 无目标，保持空闲
[STOP] E1 停靠在 F0 | 载客:0 | 方向:up
  -> E1 无目标，保持空闲
[STOP] E2 停靠在 F0 | 载客:0 | 方向:up
  -> E2 无目标，保持空闲
[STOP] E0 停靠在 F0 | 载客:0 | 方向:up
  -> E0 无目标，保持空闲
[STOP] E1 停靠在 F0 | 载客:0 | 方向:up
  -> E1 无目标，保持空闲
[STOP] E2 停靠在 F0 | 载客:0 | 方向:up
  -> E2 无目标，保持空闲
[STOP] E0 停靠在 F0 | 载客:0 | 方向:up
  -> E0 无目标，保持空闲
[STOP] E1 停靠在 F0 | 载客:0 | 方向:up
  -> E1 无目标，保持空闲
[STOP] E2 停靠在 F0 | 载客:0 | 方向:up
  -> E2 无目标，保持空闲
[STOP] E0 停靠在 F0 | 载客:0 | 方向:up
  -> E0 无目标，保持空闲
[STOP] E1 停靠在 F0 | 载客:0 | 方向:up
  -> E1 无目标，保持空闲
[STOP] E2 停靠在 F0 | 载客:0 | 方向:up
  -> E2 无目标，保持空闲
[STOP] E0 停靠在 F0 | 载客:0 | 方向:up
  -> E0 无目标，保持空闲
[STOP] E1 停靠在 F0 | 载客:0 | 方向:up
  -> E1 无目标，保持空闲
[STOP] E2 停靠在 F0 | 载客:0 | 方向:up
  -> E2 无目标，保持空闲
[STOP] E0 停靠在 F0 | 载客:0 | 方向:up
  -> E0 无目标，保持空闲
[STOP] E1 停靠在 F0 | 载客:0 | 方向:up
  -> E1 无目标，保持空闲
[STOP] E2 停靠在 F0 | 载客:0 | 方向:up
  -> E2 无目标，保持空闲
[STOP] E0 停靠在 F0 | 载客:0 | 方向:up
  -> E0 无目标，保持空闲
[STOP] E1 停靠在 F0 | 载客:0 | 方向:up
  -> E1 无目标，保持空闲
[STOP] E2 停靠在 F0 | 载客:0 | 方向:up
  -> E2 无目标，保持空闲
[STOP] E0 停靠在 F0 | 载客:0 | 方向:up
  -> E0 无目标，保持空闲
[STOP] E1 停靠在 F0 | 载客:0 | 方向:up
  -> E1 无目标，保持空闲
[STOP] E2 停靠在 F0 | 载客:0 | 方向:up
  -> E2 无目标，保持空闲
[STOP] E0 停靠在 F0 | 载客:0 | 方向:up
  -> E0 无目标，保持空闲
[STOP] E1 停靠在 F0 | 载客:0 | 方向:up
  -> E1 无目标，保持空闲
[STOP] E2 停靠在 F0 | 载客:0 | 方向:up
  -> E2 无目标，保持空闲
[STOP] E0 停靠在 F0 | 载客:0 | 方向:up
  -> E0 无目标，保持空闲
[STOP] E1 停靠在 F0 | 载客:0 | 方向:up
  -> E1 无目标，保持空闲
[STOP] E2 停靠在 F0 | 载客:0 | 方向:up
  -> E2 无目标，保持空闲
[CALL] 乘客 1: F19 -> F0
[CALL] 乘客 2: F19 -> F0
[CALL] 乘客 3: F19 -> F0
[CALL] 乘客 4: F19 -> F0
[CALL] 乘客 5: F19 -> F0
[CALL] 乘客 6: F19 -> F0
[CALL] 乘客 7: F19 -> F0
[CALL] 乘客 8: F19 -> F0
[CALL] 乘客 9: F19 -> F0
[CALL] 乘客 10: F19 -> F0
[CALL] 乘客 11: F19 -> F0
[CALL] 乘客 12: F19 -> F0
[CALL] 乘客 13: F19 -> F0
[CALL] 乘客 14: F19 -> F0
[CALL] 乘客 15: F19 -> F0
[STOP] E0 停靠在 F0 | 载客:0 | 方向:up
  等待乘客: F19↓(15)
[DEBUG] Sending elevator command: go_to_floor to elevator 0 To:F19
  -> E0 前往 F19 (方向: up)
[STOP] E1 停靠在 F0 | 载客:0 | 方向:up
  等待乘客: F19↓(15)
[DEBUG] Sending elevator command: go_to_floor to elevator 1 To:F19
  -> E1 前往 F19 (方向: up)
[STOP] E2 停靠在 F0 | 载客:0 | 方向:up
  等待乘客: F19↓(15)
[DEBUG] Sending elevator command: go_to_floor to elevator 2 To:F19
  -> E2 前往 F19 (方向: up)
[STOP] E0 停靠在 F19 | 载客:0 | 方向:up
  等待乘客: F19↓(15)
  -> E0 无目标，保持空闲
[STOP] E1 停靠在 F19 | 载客:0 | 方向:up
  等待乘客: F19↓(15)
  -> E1 无目标，保持空闲
[STOP] E2 停靠在 F19 | 载客:0 | 方向:up
  等待乘客: F19↓(15)
  -> E2 无目标，保持空闲
{'average_system_time': 0,
 'average_wait_time': 0,
 'completed_passengers': 0,
 'p95_system_time': 0,
 'p95_wait_time': 0,
 'total_passengers': 15}
[DEBUG] Cache cleared after traffic round switch
[DEBUG] Cache cleared after reset
[DEBUG] Updated traffic info - max_tick: 0
[LOOK V2] 算法初始化（实时决策版本）
  管理 3 部电梯，服务 20 层楼
  电梯 E0 初始化，扫描方向: UP
  电梯 E1 初始化，扫描方向: UP
  电梯 E2 初始化，扫描方向: UP
停止 LookV2Controller 算法
